// Vitest Snapshot v1, https://vitest.dev/guide/snapshot.html

exports[`matches snapshot 1`] = `
<DocumentFragment>
  <form
    class="NewBoxForm"
  >
    <label
      for="color-field"
    >
      Select Color:
    </label>
    <select
      class="NewBoxForm-color-field"
      id="color-field"
      name="color"
    >
      <option
        value="aqua"
      >
        Aqua
      </option>
      <option
        value="black"
      >
        Black
      </option>
      <option
        value="blue"
      >
        Blue
      </option>
      <option
        value="brown"
      >
        Brown
      </option>
      <option
        value="chartreuse"
      >
        Chartreuse
      </option>
      <option
        value="chocolate"
      >
        Chocolate
      </option>
      <option
        value="crimson"
      >
        Crimson
      </option>
      <option
        value="cyan"
      >
        Cyan
      </option>
      <option
        value="fuchsia"
      >
        Fuchsia
      </option>
      <option
        value="gold"
      >
        Gold
      </option>
      <option
        value="gray"
      >
        Gray
      </option>
      <option
        value="green"
      >
        Green
      </option>
      <option
        value="indigo"
      >
        Indigo
      </option>
      <option
        value="ivory"
      >
        Ivory
      </option>
      <option
        value="lavender"
      >
        Lavender
      </option>
      <option
        value="lime"
      >
        Lime
      </option>
      <option
        value="magenta"
      >
        Magenta
      </option>
      <option
        value="maroon"
      >
        Maroon
      </option>
      <option
        value="navy"
      >
        Navy
      </option>
      <option
        value="olive"
      >
        Olive
      </option>
      <option
        value="orange"
      >
        Orange
      </option>
      <option
        value="pink"
      >
        Pink
      </option>
      <option
        value="plum"
      >
        Plum
      </option>
      <option
        value="purple"
      >
        Purple
      </option>
      <option
        value="red"
      >
        Red
      </option>
      <option
        value="salmon"
      >
        Salmon
      </option>
      <option
        value="teal"
      >
        Teal
      </option>
      <option
        value="turquoise"
      >
        Turquoise
      </option>
      <option
        value="violet"
      >
        Violet
      </option>
      <option
        value="white"
      >
        White
      </option>
      <option
        value="yellow"
      >
        Yellow
      </option>
    </select>
    <br />
    <label
      for="height-field"
    >
      Height (pixels):
    </label>
    <input
      class="NewBoxForm-height-field"
      id="height-field"
      max="500"
      min="10"
      name="height"
      type="range"
      value="10"
    />
    <span
      class="NewBoxForm-height-display"
    >
      10
    </span>
    <br />
    <label
      for="width-field"
    >
      Width (pixels):
    </label>
    <input
      class="NewBoxForm-width-field"
      id="width-field"
      max="500"
      min="10"
      name="width"
      type="range"
      value="10"
    />
    <span
      class="NewBoxForm-width-display"
    >
      10
    </span>
    <br />
    <button
      type="submit"
    >
      Add box
    </button>
  </form>
</DocumentFragment>
`;
